// Jest Snapshot v1, https://goo.gl/fbAQLP

exports[`AddCard displays AddCard correctly 1`] = `
<div
  className="add-card flex"
>
  <div
    className="plus-icon"
  />
  <p
    id="add-one-more-card"
    onClick={[Function]}
  >
    Добавить еще одну карточку
  </p>
</div>
`;
